{
    "projectsNotFound": [], 
    "projects": [
        {
            "name": "my-project",
            "serviceRole": "arn:aws:iam::123456789:role/my-codebuild-role",
            "tags": [], 
            "artifacts": {
                "packaging": "NONE", 
                "type": "CODEPIPELINE", 
                "name": "my-artifact"
            }, 
            "lastModified": 1499126865.075, 
            "timeoutInMinutes": 10, 
            "created": 1497333672.979, 
            "environment": {
                "computeType": "BUILD_GENERAL1_SMALL", 
                "privilegedMode": true,
                "image": "codebuild-emulator-dind-test",
                "type": "LINUX_CONTAINER", 
                "environmentVariables": []
            }, 
            "source": {
                "buildspec": "version: 0.2\nphases:\n  build:\n    commands:\n      - sh /usr/local/bin/dockerd-entrypoint.sh\n      - docker run -it alpine echo foo\nartifacts:\n  files:\n    - '**/*'\n  discard-paths: no\n",
                "type": "CODEPIPELINE"
            }, 
            "encryptionKey": "arn:aws:kms:ap-southeast-2:123456789:alias/aws/s3",
            "arn": "arn:aws:codebuild:ap-southeast-2:123456789:project/my-project",
            "description": "Test Code Build project"
        }
    ]
}
