{
    "projectsNotFound": [], 
    "projects": [
        {
            "name": "my-project",
            "serviceRole": "arn:aws:iam::123456789:role/my-codebuild-role",
            "tags": [], 
            "artifacts": {
                "packaging": "NONE", 
                "type": "CODEPIPELINE", 
                "name": "my-artifact"
            }, 
            "lastModified": 1499126865.075, 
            "timeoutInMinutes": 10, 
            "created": 1497333672.979, 
            "environment": {
                "computeType": "BUILD_GENERAL1_SMALL", 
                "privilegedMode": false,
                "image": "codebuild-emulator-test",
                "type": "LINUX_CONTAINER", 
                "environmentVariables": [
                    {
                        "name": "TEST_ENV_VAR_1",
                        "value": "foo"
                    }, 
                    {
                        "name": "TEST_ENV_VAR_2",
                        "value": "bar"
                    }
                ]
            }, 
            "source": {
                "buildspec": "version: 0.2\nenv:\n  variables:\n    install: install\n    build: build\nphases:\n  install:\n    commands:\n      - ls\n      - echo $install > install\n  pre_build:\n    commands:\n      - ls\n      - echo $pre_build > pre_build\n  build:\n    commands:\n      - ls\n      - echo $build > build\n  post_build:\n    commands:\n      - ls\n      - echo $post_build > post_build\nartifacts:\n  files:\n    - '**/*'\n  discard-paths: no\n",
                "type": "CODEPIPELINE"
            }, 
            "encryptionKey": "arn:aws:kms:ap-southeast-2:123456789:alias/aws/s3",
            "arn": "arn:aws:codebuild:ap-southeast-2:123456789:project/my-project",
            "description": "Test Code Build project"
        }
    ]
}
